{
  "version": "1.5.0",
  "plugins_used": [
    {
      "name": "ArtifactoryDetector"
    },
    {
      "name": "AWSKeyDetector"
    },
    {
      "name": "AzureStorageKeyDetector"
    },
    {
      "name": "Base64HighEntropyString",
      "limit": 4.5
    },
    {
      "name": "BasicAuthDetector"
    },
    {
      "name": "CloudantDetector"
    },
    {
      "name": "DiscordBotTokenDetector"
    },
    {
      "name": "GitHubTokenDetector"
    },
    {
      "name": "GitLabTokenDetector"
    },
    {
      "name": "HexHighEntropyString",
      "limit": 3.0
    },
    {
      "name": "IbmCloudIamDetector"
    },
    {
      "name": "IbmCosHmacDetector"
    },
    {
      "name": "IPPublicDetector"
    },
    {
      "name": "JwtTokenDetector"
    },
    {
      "name": "KeywordDetector",
      "keyword_exclude": ""
    },
    {
      "name": "MailchimpDetector"
    },
    {
      "name": "NpmDetector"
    },
    {
      "name": "OpenAIDetector"
    },
    {
      "name": "PrivateKeyDetector"
    },
    {
      "name": "PypiTokenDetector"
    },
    {
      "name": "SendGridDetector"
    },
    {
      "name": "SlackDetector"
    },
    {
      "name": "SoftlayerDetector"
    },
    {
      "name": "SquareOAuthDetector"
    },
    {
      "name": "StripeDetector"
    },
    {
      "name": "TelegramBotTokenDetector"
    },
    {
      "name": "TwilioKeyDetector"
    }
  ],
  "filters_used": [
    {
      "path": "detect_secrets.filters.allowlist.is_line_allowlisted"
    },
    {
      "path": "detect_secrets.filters.common.is_baseline_file",
      "filename": ".secrets.baseline"
    },
    {
      "path": "detect_secrets.filters.common.is_ignored_due_to_verification_policies",
      "min_level": 2
    },
    {
      "path": "detect_secrets.filters.heuristic.is_indirect_reference"
    },
    {
      "path": "detect_secrets.filters.heuristic.is_likely_id_string"
    },
    {
      "path": "detect_secrets.filters.heuristic.is_lock_file"
    },
    {
      "path": "detect_secrets.filters.heuristic.is_not_alphanumeric_string"
    },
    {
      "path": "detect_secrets.filters.heuristic.is_potential_uuid"
    },
    {
      "path": "detect_secrets.filters.heuristic.is_prefixed_with_dollar_sign"
    },
    {
      "path": "detect_secrets.filters.heuristic.is_sequential_string"
    },
    {
      "path": "detect_secrets.filters.heuristic.is_swagger_file"
    },
    {
      "path": "detect_secrets.filters.heuristic.is_templated_secret"
    }
  ],
  "results": {
    "crds/base/crds-cert-manager.yaml": [
      {
        "type": "Secret Keyword",
        "filename": "crds/base/crds-cert-manager.yaml",
        "hashed_secret": "f2af470e7016677b3c8893ffb2b96ca41a70c0ea",
        "is_verified": false,
        "line_number": 787
      }
    ],
    "docs/superpowers/plans/2026-08-23-gcp-foundation-resume.md": [
      {
        "type": "Secret Keyword",
        "filename": "docs/superpowers/plans/2026-08-23-gcp-foundation-resume.md",
        "hashed_secret": "0a7f56b22e8a9da306622432bd74f0f9c4a0f1ad",
        "is_verified": false,
        "line_number": 46
      }
    ],
    "docs/superpowers/plans/2026-08-24-gcp-openbao.md": [
      {
        "type": "Secret Keyword",
        "filename": "docs/superpowers/plans/2026-08-24-gcp-openbao.md",
        "hashed_secret": "13d26a89a916713f8f40cf05869c7b25c3e6ea54",
        "is_verified": false,
        "line_number": 857
      }
    ],
    "infrastructure/base/gapi/platform-private-gateway-certificate.yaml": [
      {
        "type": "Secret Keyword",
        "filename": "infrastructure/base/gapi/platform-private-gateway-certificate.yaml",
        "hashed_secret": "ea746da0cd23c6930e12ee0bd9732b56737e82cc",
        "is_verified": false,
        "line_number": 6
      }
    ],
    "opentofu/aws/eks/configure/variables.tfvars": [
      {
        "type": "Secret Keyword",
        "filename": "opentofu/aws/eks/configure/variables.tfvars",
        "hashed_secret": "cf6b2ae93c70a7fb628cbb8d9cd7ec0b7e4661e5",
        "is_verified": false,
        "line_number": 13
      }
    ],
    "opentofu/aws/network/README.md": [
      {
        "type": "Secret Keyword",
        "filename": "opentofu/aws/network/README.md",
        "hashed_secret": "a3458601eaafc0a93d7695bd14178de159f69053",
        "is_verified": false,
        "line_number": 44
      }
    ],
    "opentofu/aws/openbao/cluster/variables.tfvars": [
      {
        "type": "Secret Keyword",
        "filename": "opentofu/aws/openbao/cluster/variables.tfvars",
        "hashed_secret": "6b3c30169f984dc4950c87bf87730518db25da78",
        "is_verified": false,
        "line_number": 11
      }
    ],
    "opentofu/aws/openbao/management/variables.tfvars": [
      {
        "type": "Secret Keyword",
        "filename": "opentofu/aws/openbao/management/variables.tfvars",
        "hashed_secret": "6b3c30169f984dc4950c87bf87730518db25da78",
        "is_verified": false,
        "line_number": 5
      }
    ],
    "opentofu/config.tm.hcl": [
      {
        "type": "Secret Keyword",
        "filename": "opentofu/config.tm.hcl",
        "hashed_secret": "96898826888b767f1adfbc6fb0ca9d14662a5109",
        "is_verified": false,
        "line_number": 36
      }
    ],
    "opentofu/gcp/gke/configure/variables.tfvars": [
      {
        "type": "Secret Keyword",
        "filename": "opentofu/gcp/gke/configure/variables.tfvars",
        "hashed_secret": "406f2488b6a31091fdbd1bacf15994cceee931f1",
        "is_verified": false,
        "line_number": 10
      }
    ],
    "security/base/zitadel/certificate.yaml": [
      {
        "type": "Secret Keyword",
        "filename": "security/base/zitadel/certificate.yaml",
        "hashed_secret": "5bb6016169a24b72f0bb3d2826bd43a262442f44",
        "is_verified": false,
        "line_number": 6
      }
    ],
    "security/base/zitadel/externalsecret-zitadel-masterkey.yaml": [
      {
        "type": "Secret Keyword",
        "filename": "security/base/zitadel/externalsecret-zitadel-masterkey.yaml",
        "hashed_secret": "33965a6f72cb380df8b01eceb0cc6b040fc23978",
        "is_verified": false,
        "line_number": 7
      }
    ],
    "security/base/zitadel/helmrelease.yaml": [
      {
        "type": "Secret Keyword",
        "filename": "security/base/zitadel/helmrelease.yaml",
        "hashed_secret": "5bb6016169a24b72f0bb3d2826bd43a262442f44",
        "is_verified": false,
        "line_number": 85
      },
      {
        "type": "Secret Keyword",
        "filename": "security/base/zitadel/helmrelease.yaml",
        "hashed_secret": "38d618ea3f63cf36f2e899505f161f05b40935a0",
        "is_verified": false,
        "line_number": 86
      },
      {
        "type": "Secret Keyword",
        "filename": "security/base/zitadel/helmrelease.yaml",
        "hashed_secret": "54062eed5e8326a96f845559019aad3bd7003f32",
        "is_verified": false,
        "line_number": 167
      }
    ],
    "tooling/base/gha-runners/dagger-scale-set-helmrelease.yaml": [
      {
        "type": "Secret Keyword",
        "filename": "tooling/base/gha-runners/dagger-scale-set-helmrelease.yaml",
        "hashed_secret": "42c7be96d0274b7f8ffbe652f3c529f257bde46e",
        "is_verified": false,
        "line_number": 23
      }
    ],
    "tooling/base/gha-runners/default-scale-set-helmrelease.yaml": [
      {
        "type": "Secret Keyword",
        "filename": "tooling/base/gha-runners/default-scale-set-helmrelease.yaml",
        "hashed_secret": "42c7be96d0274b7f8ffbe652f3c529f257bde46e",
        "is_verified": false,
        "line_number": 23
      }
    ],
    "tooling/base/harbor/helmrelease-harbor.yaml": [
      {
        "type": "Secret Keyword",
        "filename": "tooling/base/harbor/helmrelease-harbor.yaml",
        "hashed_secret": "dcd81eaf8dfbf9757eed9c2a74ccaa1277a768fc",
        "is_verified": false,
        "line_number": 94
      },
      {
        "type": "Secret Keyword",
        "filename": "tooling/base/harbor/helmrelease-harbor.yaml",
        "hashed_secret": "5baa61e4c9b93f3f0682250b6cf8331b7ee68fd8",
        "is_verified": false,
        "line_number": 95
      },
      {
        "type": "Secret Keyword",
        "filename": "tooling/base/harbor/helmrelease-harbor.yaml",
        "hashed_secret": "fa25e2e0578e0fdb4945a296a2b3349b47dbe33f",
        "is_verified": false,
        "line_number": 123
      }
    ]
  },
  "generated_at": "2026-09-02T10:56:59Z"
}
